1.39067449e-06
6.95029701e-06
1.80006134e-05
3.36144631e-05
4.50391479e-05
9.08420099e-06
